[extension] loaded=flash_command
[extension] loaded=forget_music
[extension] loaded=forget_system
[extension] loaded=PRTS_command
[extension] loaded=user_setting
[extension] skipped=swiss reason=No module named 'aiosqlite'
[extension] skipped=swiss_extras reason=No module named 'aiosqlite'
[extension] loaded=flash_command
[extension] loaded=forget_music
[extension] loaded=forget_system
[extension] loaded=PRTS_command
[extension] loaded=user_setting
[extension] skipped=swiss reason=No module named 'aiosqlite'
[extension] skipped=swiss_extras reason=No module named 'aiosqlite'
[extension] loaded=flash_command
[extension] loaded=forget_music
[extension] loaded=forget_system
[extension] loaded=PRTS_command
[extension] loaded=user_setting
[extension] skipped=swiss reason=No module named 'aiosqlite'
[extension] skipped=swiss_extras reason=No module named 'aiosqlite'
[startup] bot_user=普瑞賽斯#6893
[startup] loaded_extensions=cogs.PRTS_command, cogs.flash_command, cogs.forget_music, cogs.forget_runtime, cogs.forget_system, cogs.user_setting
[extension] loaded=flash_command
[extension] loaded=forget_music
[extension] loaded=forget_system
[extension] loaded=PRTS_command
[extension] loaded=user_setting
[extension] skipped=swiss reason=No module named 'aiosqlite'
[extension] skipped=swiss_extras reason=No module named 'aiosqlite'
[startup] bot_user=普瑞賽斯#6893
[startup] loaded_extensions=cogs.PRTS_command, cogs.flash_command, cogs.forget_music, cogs.forget_runtime, cogs.forget_system, cogs.user_setting
[extension] loaded=flash_command
[extension] loaded=forget_music
[extension] loaded=forget_system
[extension] loaded=PRTS_command
[extension] loaded=user_setting
[extension] skipped=swiss reason=No module named 'aiosqlite'
[extension] skipped=swiss_extras reason=No module named 'aiosqlite'
[startup] bot_user=普瑞賽斯#6893
[startup] loaded_extensions=cogs.PRTS_command, cogs.flash_command, cogs.forget_music, cogs.forget_runtime, cogs.forget_system, cogs.user_setting
[warning_loop]
Traceback (most recent call last):
  File "/mnt/c/Users/XuQing/Documents/DCbot/.venv/lib/python3.12/site-packages/aiohttp/connector.py", line 1310, in _wrap_create_connection
    sock = await aiohappyeyeballs.start_connection(
           ^^^^^^^^^^^^^^^^^^^^^^^^^^^^^^^^^^^^^^^^
  File "/mnt/c/Users/XuQing/Documents/DCbot/.venv/lib/python3.12/site-packages/aiohappyeyeballs/impl.py", line 122, in start_connection
    raise first_exception
  File "/mnt/c/Users/XuQing/Documents/DCbot/.venv/lib/python3.12/site-packages/aiohappyeyeballs/impl.py", line 73, in start_connection
    sock = await _connect_sock(
           ^^^^^^^^^^^^^^^^^^^^
  File "/mnt/c/Users/XuQing/Documents/DCbot/.venv/lib/python3.12/site-packages/aiohappyeyeballs/impl.py", line 208, in _connect_sock
    await loop.sock_connect(sock, address)
  File "/usr/lib/python3.12/asyncio/selector_events.py", line 651, in sock_connect
    return await fut
           ^^^^^^^^^
  File "/usr/lib/python3.12/asyncio/selector_events.py", line 691, in _sock_connect_cb
    raise OSError(err, f'Connect call failed {address}')
ConnectionRefusedError: [Errno 111] Connect call failed ('61.56.14.16', 443)

The above exception was the direct cause of the following exception:

Traceback (most recent call last):
  File "/mnt/c/Users/XuQing/Documents/DCbot/cogs/forget_system.py", line 46, in warning_loop
    async with session.get(JSON_URL, ssl=False) as resp:
  File "/mnt/c/Users/XuQing/Documents/DCbot/.venv/lib/python3.12/site-packages/aiohttp/client.py", line 1521, in __aenter__
    self._resp: _RetType = await self._coro
                           ^^^^^^^^^^^^^^^^
  File "/mnt/c/Users/XuQing/Documents/DCbot/.venv/lib/python3.12/site-packages/aiohttp/client.py", line 788, in _request
    resp = await handler(req)
           ^^^^^^^^^^^^^^^^^^
  File "/mnt/c/Users/XuQing/Documents/DCbot/.venv/lib/python3.12/site-packages/aiohttp/client.py", line 742, in _connect_and_send_request
    conn = await self._connector.connect(
           ^^^^^^^^^^^^^^^^^^^^^^^^^^^^^^
  File "/mnt/c/Users/XuQing/Documents/DCbot/.venv/lib/python3.12/site-packages/aiohttp/connector.py", line 672, in connect
    proto = await self._create_connection(req, traces, timeout)
            ^^^^^^^^^^^^^^^^^^^^^^^^^^^^^^^^^^^^^^^^^^^^^^^^^^^
  File "/mnt/c/Users/XuQing/Documents/DCbot/.venv/lib/python3.12/site-packages/aiohttp/connector.py", line 1251, in _create_connection
    _, proto = await self._create_direct_connection(req, traces, timeout)
               ^^^^^^^^^^^^^^^^^^^^^^^^^^^^^^^^^^^^^^^^^^^^^^^^^^^^^^^^^^
  File "/mnt/c/Users/XuQing/Documents/DCbot/.venv/lib/python3.12/site-packages/aiohttp/connector.py", line 1623, in _create_direct_connection
    raise last_exc
  File "/mnt/c/Users/XuQing/Documents/DCbot/.venv/lib/python3.12/site-packages/aiohttp/connector.py", line 1592, in _create_direct_connection
    transp, proto = await self._wrap_create_connection(
                    ^^^^^^^^^^^^^^^^^^^^^^^^^^^^^^^^^^^
  File "/mnt/c/Users/XuQing/Documents/DCbot/.venv/lib/python3.12/site-packages/aiohttp/connector.py", line 1333, in _wrap_create_connection
    raise client_error(req.connection_key, exc) from exc
aiohttp.client_exceptions.ClientConnectorError: Cannot connect to host opendata.cwa.gov.tw:443 ssl:False [Connect call failed ('61.56.14.16', 443)]
[extension] loaded=flash_command
[extension] loaded=forget_music
[extension] loaded=forget_system
[extension] loaded=PRTS_command
[extension] loaded=user_setting
[extension] skipped=swiss reason=No module named 'aiosqlite'
[extension] skipped=swiss_extras reason=No module named 'aiosqlite'
[startup] bot_user=普瑞賽斯#6893
[startup] loaded_extensions=cogs.PRTS_command, cogs.flash_command, cogs.forget_music, cogs.forget_runtime, cogs.forget_system, cogs.user_setting
[extension] loaded=flash_command
[extension] loaded=forget_music
[extension] loaded=forget_system
[extension] loaded=PRTS_command
[extension] loaded=user_setting
[extension] skipped=swiss reason=No module named 'aiosqlite'
[extension] skipped=swiss_extras reason=No module named 'aiosqlite'
[startup] bot_user=普瑞賽斯#6893
[startup] loaded_extensions=cogs.PRTS_command, cogs.flash_command, cogs.forget_music, cogs.forget_runtime, cogs.forget_system, cogs.user_setting
[warning_loop]
Traceback (most recent call last):
  File "/mnt/c/Users/XuQing/Documents/DCbot/.venv/lib/python3.12/site-packages/aiohttp/connector.py", line 1310, in _wrap_create_connection
    sock = await aiohappyeyeballs.start_connection(
           ^^^^^^^^^^^^^^^^^^^^^^^^^^^^^^^^^^^^^^^^
  File "/mnt/c/Users/XuQing/Documents/DCbot/.venv/lib/python3.12/site-packages/aiohappyeyeballs/impl.py", line 122, in start_connection
    raise first_exception
  File "/mnt/c/Users/XuQing/Documents/DCbot/.venv/lib/python3.12/site-packages/aiohappyeyeballs/impl.py", line 73, in start_connection
    sock = await _connect_sock(
           ^^^^^^^^^^^^^^^^^^^^
  File "/mnt/c/Users/XuQing/Documents/DCbot/.venv/lib/python3.12/site-packages/aiohappyeyeballs/impl.py", line 208, in _connect_sock
    await loop.sock_connect(sock, address)
  File "/usr/lib/python3.12/asyncio/selector_events.py", line 651, in sock_connect
    return await fut
           ^^^^^^^^^
  File "/usr/lib/python3.12/asyncio/selector_events.py", line 691, in _sock_connect_cb
    raise OSError(err, f'Connect call failed {address}')
ConnectionRefusedError: [Errno 111] Connect call failed ('61.56.14.16', 443)

The above exception was the direct cause of the following exception:

Traceback (most recent call last):
  File "/mnt/c/Users/XuQing/Documents/DCbot/cogs/forget_system.py", line 46, in warning_loop
    async with session.get(JSON_URL, ssl=False) as resp:
  File "/mnt/c/Users/XuQing/Documents/DCbot/.venv/lib/python3.12/site-packages/aiohttp/client.py", line 1521, in __aenter__
    self._resp: _RetType = await self._coro
                           ^^^^^^^^^^^^^^^^
  File "/mnt/c/Users/XuQing/Documents/DCbot/.venv/lib/python3.12/site-packages/aiohttp/client.py", line 788, in _request
    resp = await handler(req)
           ^^^^^^^^^^^^^^^^^^
  File "/mnt/c/Users/XuQing/Documents/DCbot/.venv/lib/python3.12/site-packages/aiohttp/client.py", line 742, in _connect_and_send_request
    conn = await self._connector.connect(
           ^^^^^^^^^^^^^^^^^^^^^^^^^^^^^^
  File "/mnt/c/Users/XuQing/Documents/DCbot/.venv/lib/python3.12/site-packages/aiohttp/connector.py", line 672, in connect
    proto = await self._create_connection(req, traces, timeout)
            ^^^^^^^^^^^^^^^^^^^^^^^^^^^^^^^^^^^^^^^^^^^^^^^^^^^
  File "/mnt/c/Users/XuQing/Documents/DCbot/.venv/lib/python3.12/site-packages/aiohttp/connector.py", line 1251, in _create_connection
    _, proto = await self._create_direct_connection(req, traces, timeout)
               ^^^^^^^^^^^^^^^^^^^^^^^^^^^^^^^^^^^^^^^^^^^^^^^^^^^^^^^^^^
  File "/mnt/c/Users/XuQing/Documents/DCbot/.venv/lib/python3.12/site-packages/aiohttp/connector.py", line 1623, in _create_direct_connection
    raise last_exc
  File "/mnt/c/Users/XuQing/Documents/DCbot/.venv/lib/python3.12/site-packages/aiohttp/connector.py", line 1592, in _create_direct_connection
    transp, proto = await self._wrap_create_connection(
                    ^^^^^^^^^^^^^^^^^^^^^^^^^^^^^^^^^^^
  File "/mnt/c/Users/XuQing/Documents/DCbot/.venv/lib/python3.12/site-packages/aiohttp/connector.py", line 1333, in _wrap_create_connection
    raise client_error(req.connection_key, exc) from exc
aiohttp.client_exceptions.ClientConnectorError: Cannot connect to host opendata.cwa.gov.tw:443 ssl:False [Connect call failed ('61.56.14.16', 443)]
[warning_loop]
Traceback (most recent call last):
  File "/mnt/c/Users/XuQing/Documents/DCbot/.venv/lib/python3.12/site-packages/aiohttp/connector.py", line 1310, in _wrap_create_connection
    sock = await aiohappyeyeballs.start_connection(
           ^^^^^^^^^^^^^^^^^^^^^^^^^^^^^^^^^^^^^^^^
  File "/mnt/c/Users/XuQing/Documents/DCbot/.venv/lib/python3.12/site-packages/aiohappyeyeballs/impl.py", line 122, in start_connection
    raise first_exception
  File "/mnt/c/Users/XuQing/Documents/DCbot/.venv/lib/python3.12/site-packages/aiohappyeyeballs/impl.py", line 73, in start_connection
    sock = await _connect_sock(
           ^^^^^^^^^^^^^^^^^^^^
  File "/mnt/c/Users/XuQing/Documents/DCbot/.venv/lib/python3.12/site-packages/aiohappyeyeballs/impl.py", line 208, in _connect_sock
    await loop.sock_connect(sock, address)
  File "/usr/lib/python3.12/asyncio/selector_events.py", line 651, in sock_connect
    return await fut
           ^^^^^^^^^
  File "/usr/lib/python3.12/asyncio/selector_events.py", line 691, in _sock_connect_cb
    raise OSError(err, f'Connect call failed {address}')
ConnectionRefusedError: [Errno 111] Connect call failed ('61.56.14.16', 443)

The above exception was the direct cause of the following exception:

Traceback (most recent call last):
  File "/mnt/c/Users/XuQing/Documents/DCbot/cogs/forget_system.py", line 46, in warning_loop
    async with session.get(JSON_URL, ssl=False) as resp:
  File "/mnt/c/Users/XuQing/Documents/DCbot/.venv/lib/python3.12/site-packages/aiohttp/client.py", line 1521, in __aenter__
    self._resp: _RetType = await self._coro
                           ^^^^^^^^^^^^^^^^
  File "/mnt/c/Users/XuQing/Documents/DCbot/.venv/lib/python3.12/site-packages/aiohttp/client.py", line 788, in _request
    resp = await handler(req)
           ^^^^^^^^^^^^^^^^^^
  File "/mnt/c/Users/XuQing/Documents/DCbot/.venv/lib/python3.12/site-packages/aiohttp/client.py", line 742, in _connect_and_send_request
    conn = await self._connector.connect(
           ^^^^^^^^^^^^^^^^^^^^^^^^^^^^^^
  File "/mnt/c/Users/XuQing/Documents/DCbot/.venv/lib/python3.12/site-packages/aiohttp/connector.py", line 672, in connect
    proto = await self._create_connection(req, traces, timeout)
            ^^^^^^^^^^^^^^^^^^^^^^^^^^^^^^^^^^^^^^^^^^^^^^^^^^^
  File "/mnt/c/Users/XuQing/Documents/DCbot/.venv/lib/python3.12/site-packages/aiohttp/connector.py", line 1251, in _create_connection
    _, proto = await self._create_direct_connection(req, traces, timeout)
               ^^^^^^^^^^^^^^^^^^^^^^^^^^^^^^^^^^^^^^^^^^^^^^^^^^^^^^^^^^
  File "/mnt/c/Users/XuQing/Documents/DCbot/.venv/lib/python3.12/site-packages/aiohttp/connector.py", line 1623, in _create_direct_connection
    raise last_exc
  File "/mnt/c/Users/XuQing/Documents/DCbot/.venv/lib/python3.12/site-packages/aiohttp/connector.py", line 1592, in _create_direct_connection
    transp, proto = await self._wrap_create_connection(
                    ^^^^^^^^^^^^^^^^^^^^^^^^^^^^^^^^^^^
  File "/mnt/c/Users/XuQing/Documents/DCbot/.venv/lib/python3.12/site-packages/aiohttp/connector.py", line 1333, in _wrap_create_connection
    raise client_error(req.connection_key, exc) from exc
aiohttp.client_exceptions.ClientConnectorError: Cannot connect to host opendata.cwa.gov.tw:443 ssl:False [Connect call failed ('61.56.14.16', 443)]
[extension] loaded=flash_command
[extension] loaded=forget_music
[extension] loaded=forget_system
[extension] loaded=PRTS_command
[extension] loaded=user_setting
[extension] skipped=swiss reason=No module named 'aiosqlite'
[extension] skipped=swiss_extras reason=No module named 'aiosqlite'
[startup] bot_user=普瑞賽斯#6893
[startup] loaded_extensions=cogs.PRTS_command, cogs.flash_command, cogs.forget_music, cogs.forget_runtime, cogs.forget_system, cogs.user_setting
[extension] loaded=flash_command
[extension] loaded=forget_music
[extension] loaded=forget_system
[extension] loaded=PRTS_command
[extension] loaded=user_setting
[extension] skipped=swiss reason=No module named 'aiosqlite'
[extension] skipped=swiss_extras reason=No module named 'aiosqlite'
[startup] bot_user=普瑞賽斯#6893
[startup] loaded_extensions=cogs.PRTS_command, cogs.flash_command, cogs.forget_music, cogs.forget_runtime, cogs.forget_system, cogs.user_setting
[clear:kick:597085205819293707]
Traceback (most recent call last):
  File "/mnt/c/Users/XuQing/Documents/DCbot/cogs/forget_system.py", line 218, in clear_cleanup_role
    await member.kick(reason=CLEANUP_KICK_REASON)
  File "/mnt/c/Users/XuQing/Documents/DCbot/.venv/lib/python3.12/site-packages/discord/member.py", line 805, in kick
    await self.guild.kick(self, reason=reason)
  File "/mnt/c/Users/XuQing/Documents/DCbot/.venv/lib/python3.12/site-packages/discord/guild.py", line 3995, in kick
    await self._state.http.kick(user.id, self.id, reason=reason)
  File "/mnt/c/Users/XuQing/Documents/DCbot/.venv/lib/python3.12/site-packages/discord/http.py", line 772, in request
    raise Forbidden(response, data)
discord.errors.Forbidden: 403 Forbidden (error code: 50013): Missing Permissions
[clear:kick:642653304681267214]
Traceback (most recent call last):
  File "/mnt/c/Users/XuQing/Documents/DCbot/cogs/forget_system.py", line 218, in clear_cleanup_role
    await member.kick(reason=CLEANUP_KICK_REASON)
  File "/mnt/c/Users/XuQing/Documents/DCbot/.venv/lib/python3.12/site-packages/discord/member.py", line 805, in kick
    await self.guild.kick(self, reason=reason)
  File "/mnt/c/Users/XuQing/Documents/DCbot/.venv/lib/python3.12/site-packages/discord/guild.py", line 3995, in kick
    await self._state.http.kick(user.id, self.id, reason=reason)
  File "/mnt/c/Users/XuQing/Documents/DCbot/.venv/lib/python3.12/site-packages/discord/http.py", line 772, in request
    raise Forbidden(response, data)
discord.errors.Forbidden: 403 Forbidden (error code: 50013): Missing Permissions
[clear:kick:632558753241104384]
Traceback (most recent call last):
  File "/mnt/c/Users/XuQing/Documents/DCbot/cogs/forget_system.py", line 218, in clear_cleanup_role
    await member.kick(reason=CLEANUP_KICK_REASON)
  File "/mnt/c/Users/XuQing/Documents/DCbot/.venv/lib/python3.12/site-packages/discord/member.py", line 805, in kick
    await self.guild.kick(self, reason=reason)
  File "/mnt/c/Users/XuQing/Documents/DCbot/.venv/lib/python3.12/site-packages/discord/guild.py", line 3995, in kick
    await self._state.http.kick(user.id, self.id, reason=reason)
  File "/mnt/c/Users/XuQing/Documents/DCbot/.venv/lib/python3.12/site-packages/discord/http.py", line 772, in request
    raise Forbidden(response, data)
discord.errors.Forbidden: 403 Forbidden (error code: 50013): Missing Permissions
[clear:kick:934450254886096919]
Traceback (most recent call last):
  File "/mnt/c/Users/XuQing/Documents/DCbot/cogs/forget_system.py", line 218, in clear_cleanup_role
    await member.kick(reason=CLEANUP_KICK_REASON)
  File "/mnt/c/Users/XuQing/Documents/DCbot/.venv/lib/python3.12/site-packages/discord/member.py", line 805, in kick
    await self.guild.kick(self, reason=reason)
  File "/mnt/c/Users/XuQing/Documents/DCbot/.venv/lib/python3.12/site-packages/discord/guild.py", line 3995, in kick
    await self._state.http.kick(user.id, self.id, reason=reason)
  File "/mnt/c/Users/XuQing/Documents/DCbot/.venv/lib/python3.12/site-packages/discord/http.py", line 772, in request
    raise Forbidden(response, data)
discord.errors.Forbidden: 403 Forbidden (error code: 50013): Missing Permissions
[clear:kick:373272919935156235]
Traceback (most recent call last):
  File "/mnt/c/Users/XuQing/Documents/DCbot/cogs/forget_system.py", line 218, in clear_cleanup_role
    await member.kick(reason=CLEANUP_KICK_REASON)
  File "/mnt/c/Users/XuQing/Documents/DCbot/.venv/lib/python3.12/site-packages/discord/member.py", line 805, in kick
    await self.guild.kick(self, reason=reason)
  File "/mnt/c/Users/XuQing/Documents/DCbot/.venv/lib/python3.12/site-packages/discord/guild.py", line 3995, in kick
    await self._state.http.kick(user.id, self.id, reason=reason)
  File "/mnt/c/Users/XuQing/Documents/DCbot/.venv/lib/python3.12/site-packages/discord/http.py", line 772, in request
    raise Forbidden(response, data)
discord.errors.Forbidden: 403 Forbidden (error code: 50013): Missing Permissions
[clear:kick:560091826170626071]
Traceback (most recent call last):
  File "/mnt/c/Users/XuQing/Documents/DCbot/cogs/forget_system.py", line 218, in clear_cleanup_role
    await member.kick(reason=CLEANUP_KICK_REASON)
  File "/mnt/c/Users/XuQing/Documents/DCbot/.venv/lib/python3.12/site-packages/discord/member.py", line 805, in kick
    await self.guild.kick(self, reason=reason)
  File "/mnt/c/Users/XuQing/Documents/DCbot/.venv/lib/python3.12/site-packages/discord/guild.py", line 3995, in kick
    await self._state.http.kick(user.id, self.id, reason=reason)
  File "/mnt/c/Users/XuQing/Documents/DCbot/.venv/lib/python3.12/site-packages/discord/http.py", line 772, in request
    raise Forbidden(response, data)
discord.errors.Forbidden: 403 Forbidden (error code: 50013): Missing Permissions
[clear:kick:531856273184915456]
Traceback (most recent call last):
  File "/mnt/c/Users/XuQing/Documents/DCbot/cogs/forget_system.py", line 218, in clear_cleanup_role
    await member.kick(reason=CLEANUP_KICK_REASON)
  File "/mnt/c/Users/XuQing/Documents/DCbot/.venv/lib/python3.12/site-packages/discord/member.py", line 805, in kick
    await self.guild.kick(self, reason=reason)
  File "/mnt/c/Users/XuQing/Documents/DCbot/.venv/lib/python3.12/site-packages/discord/guild.py", line 3995, in kick
    await self._state.http.kick(user.id, self.id, reason=reason)
  File "/mnt/c/Users/XuQing/Documents/DCbot/.venv/lib/python3.12/site-packages/discord/http.py", line 772, in request
    raise Forbidden(response, data)
discord.errors.Forbidden: 403 Forbidden (error code: 50013): Missing Permissions
[clear:kick:716353480041693335]
Traceback (most recent call last):
  File "/mnt/c/Users/XuQing/Documents/DCbot/cogs/forget_system.py", line 218, in clear_cleanup_role
    await member.kick(reason=CLEANUP_KICK_REASON)
  File "/mnt/c/Users/XuQing/Documents/DCbot/.venv/lib/python3.12/site-packages/discord/member.py", line 805, in kick
    await self.guild.kick(self, reason=reason)
  File "/mnt/c/Users/XuQing/Documents/DCbot/.venv/lib/python3.12/site-packages/discord/guild.py", line 3995, in kick
    await self._state.http.kick(user.id, self.id, reason=reason)
  File "/mnt/c/Users/XuQing/Documents/DCbot/.venv/lib/python3.12/site-packages/discord/http.py", line 772, in request
    raise Forbidden(response, data)
discord.errors.Forbidden: 403 Forbidden (error code: 50013): Missing Permissions
[clear:kick:360962562537553920]
Traceback (most recent call last):
  File "/mnt/c/Users/XuQing/Documents/DCbot/cogs/forget_system.py", line 218, in clear_cleanup_role
    await member.kick(reason=CLEANUP_KICK_REASON)
  File "/mnt/c/Users/XuQing/Documents/DCbot/.venv/lib/python3.12/site-packages/discord/member.py", line 805, in kick
    await self.guild.kick(self, reason=reason)
  File "/mnt/c/Users/XuQing/Documents/DCbot/.venv/lib/python3.12/site-packages/discord/guild.py", line 3995, in kick
    await self._state.http.kick(user.id, self.id, reason=reason)
  File "/mnt/c/Users/XuQing/Documents/DCbot/.venv/lib/python3.12/site-packages/discord/http.py", line 772, in request
    raise Forbidden(response, data)
discord.errors.Forbidden: 403 Forbidden (error code: 50013): Missing Permissions
[clear:kick:859307418985955338]
Traceback (most recent call last):
  File "/mnt/c/Users/XuQing/Documents/DCbot/cogs/forget_system.py", line 218, in clear_cleanup_role
    await member.kick(reason=CLEANUP_KICK_REASON)
  File "/mnt/c/Users/XuQing/Documents/DCbot/.venv/lib/python3.12/site-packages/discord/member.py", line 805, in kick
    await self.guild.kick(self, reason=reason)
  File "/mnt/c/Users/XuQing/Documents/DCbot/.venv/lib/python3.12/site-packages/discord/guild.py", line 3995, in kick
    await self._state.http.kick(user.id, self.id, reason=reason)
  File "/mnt/c/Users/XuQing/Documents/DCbot/.venv/lib/python3.12/site-packages/discord/http.py", line 772, in request
    raise Forbidden(response, data)
discord.errors.Forbidden: 403 Forbidden (error code: 50013): Missing Permissions
[clear:kick:1053952378472235039]
Traceback (most recent call last):
  File "/mnt/c/Users/XuQing/Documents/DCbot/cogs/forget_system.py", line 218, in clear_cleanup_role
    await member.kick(reason=CLEANUP_KICK_REASON)
  File "/mnt/c/Users/XuQing/Documents/DCbot/.venv/lib/python3.12/site-packages/discord/member.py", line 805, in kick
    await self.guild.kick(self, reason=reason)
  File "/mnt/c/Users/XuQing/Documents/DCbot/.venv/lib/python3.12/site-packages/discord/guild.py", line 3995, in kick
    await self._state.http.kick(user.id, self.id, reason=reason)
  File "/mnt/c/Users/XuQing/Documents/DCbot/.venv/lib/python3.12/site-packages/discord/http.py", line 772, in request
    raise Forbidden(response, data)
discord.errors.Forbidden: 403 Forbidden (error code: 50013): Missing Permissions
[clear:kick:560898393933742080]
Traceback (most recent call last):
  File "/mnt/c/Users/XuQing/Documents/DCbot/cogs/forget_system.py", line 218, in clear_cleanup_role
    await member.kick(reason=CLEANUP_KICK_REASON)
  File "/mnt/c/Users/XuQing/Documents/DCbot/.venv/lib/python3.12/site-packages/discord/member.py", line 805, in kick
    await self.guild.kick(self, reason=reason)
  File "/mnt/c/Users/XuQing/Documents/DCbot/.venv/lib/python3.12/site-packages/discord/guild.py", line 3995, in kick
    await self._state.http.kick(user.id, self.id, reason=reason)
  File "/mnt/c/Users/XuQing/Documents/DCbot/.venv/lib/python3.12/site-packages/discord/http.py", line 772, in request
    raise Forbidden(response, data)
discord.errors.Forbidden: 403 Forbidden (error code: 50013): Missing Permissions
[clear:kick:371567415454203905]
Traceback (most recent call last):
  File "/mnt/c/Users/XuQing/Documents/DCbot/cogs/forget_system.py", line 218, in clear_cleanup_role
    await member.kick(reason=CLEANUP_KICK_REASON)
  File "/mnt/c/Users/XuQing/Documents/DCbot/.venv/lib/python3.12/site-packages/discord/member.py", line 805, in kick
    await self.guild.kick(self, reason=reason)
  File "/mnt/c/Users/XuQing/Documents/DCbot/.venv/lib/python3.12/site-packages/discord/guild.py", line 3995, in kick
    await self._state.http.kick(user.id, self.id, reason=reason)
  File "/mnt/c/Users/XuQing/Documents/DCbot/.venv/lib/python3.12/site-packages/discord/http.py", line 772, in request
    raise Forbidden(response, data)
discord.errors.Forbidden: 403 Forbidden (error code: 50013): Missing Permissions
[clear:kick:802189181342187541]
Traceback (most recent call last):
  File "/mnt/c/Users/XuQing/Documents/DCbot/cogs/forget_system.py", line 218, in clear_cleanup_role
    await member.kick(reason=CLEANUP_KICK_REASON)
  File "/mnt/c/Users/XuQing/Documents/DCbot/.venv/lib/python3.12/site-packages/discord/member.py", line 805, in kick
    await self.guild.kick(self, reason=reason)
  File "/mnt/c/Users/XuQing/Documents/DCbot/.venv/lib/python3.12/site-packages/discord/guild.py", line 3995, in kick
    await self._state.http.kick(user.id, self.id, reason=reason)
  File "/mnt/c/Users/XuQing/Documents/DCbot/.venv/lib/python3.12/site-packages/discord/http.py", line 772, in request
    raise Forbidden(response, data)
discord.errors.Forbidden: 403 Forbidden (error code: 50013): Missing Permissions
[clear:kick:805293551763980369]
Traceback (most recent call last):
  File "/mnt/c/Users/XuQing/Documents/DCbot/cogs/forget_system.py", line 218, in clear_cleanup_role
    await member.kick(reason=CLEANUP_KICK_REASON)
  File "/mnt/c/Users/XuQing/Documents/DCbot/.venv/lib/python3.12/site-packages/discord/member.py", line 805, in kick
    await self.guild.kick(self, reason=reason)
  File "/mnt/c/Users/XuQing/Documents/DCbot/.venv/lib/python3.12/site-packages/discord/guild.py", line 3995, in kick
    await self._state.http.kick(user.id, self.id, reason=reason)
  File "/mnt/c/Users/XuQing/Documents/DCbot/.venv/lib/python3.12/site-packages/discord/http.py", line 772, in request
    raise Forbidden(response, data)
discord.errors.Forbidden: 403 Forbidden (error code: 50013): Missing Permissions
[clear:kick:506654646358769685]
Traceback (most recent call last):
  File "/mnt/c/Users/XuQing/Documents/DCbot/cogs/forget_system.py", line 218, in clear_cleanup_role
    await member.kick(reason=CLEANUP_KICK_REASON)
  File "/mnt/c/Users/XuQing/Documents/DCbot/.venv/lib/python3.12/site-packages/discord/member.py", line 805, in kick
    await self.guild.kick(self, reason=reason)
  File "/mnt/c/Users/XuQing/Documents/DCbot/.venv/lib/python3.12/site-packages/discord/guild.py", line 3995, in kick
    await self._state.http.kick(user.id, self.id, reason=reason)
  File "/mnt/c/Users/XuQing/Documents/DCbot/.venv/lib/python3.12/site-packages/discord/http.py", line 772, in request
    raise Forbidden(response, data)
discord.errors.Forbidden: 403 Forbidden (error code: 50013): Missing Permissions
[clear:kick:305323191172202497]
Traceback (most recent call last):
  File "/mnt/c/Users/XuQing/Documents/DCbot/cogs/forget_system.py", line 218, in clear_cleanup_role
    await member.kick(reason=CLEANUP_KICK_REASON)
  File "/mnt/c/Users/XuQing/Documents/DCbot/.venv/lib/python3.12/site-packages/discord/member.py", line 805, in kick
    await self.guild.kick(self, reason=reason)
  File "/mnt/c/Users/XuQing/Documents/DCbot/.venv/lib/python3.12/site-packages/discord/guild.py", line 3995, in kick
    await self._state.http.kick(user.id, self.id, reason=reason)
  File "/mnt/c/Users/XuQing/Documents/DCbot/.venv/lib/python3.12/site-packages/discord/http.py", line 772, in request
    raise Forbidden(response, data)
discord.errors.Forbidden: 403 Forbidden (error code: 50013): Missing Permissions
[clear:kick:1015255747405287464]
Traceback (most recent call last):
  File "/mnt/c/Users/XuQing/Documents/DCbot/cogs/forget_system.py", line 218, in clear_cleanup_role
    await member.kick(reason=CLEANUP_KICK_REASON)
  File "/mnt/c/Users/XuQing/Documents/DCbot/.venv/lib/python3.12/site-packages/discord/member.py", line 805, in kick
    await self.guild.kick(self, reason=reason)
  File "/mnt/c/Users/XuQing/Documents/DCbot/.venv/lib/python3.12/site-packages/discord/guild.py", line 3995, in kick
    await self._state.http.kick(user.id, self.id, reason=reason)
  File "/mnt/c/Users/XuQing/Documents/DCbot/.venv/lib/python3.12/site-packages/discord/http.py", line 772, in request
    raise Forbidden(response, data)
discord.errors.Forbidden: 403 Forbidden (error code: 50013): Missing Permissions
[clear:kick:769744251525267466]
Traceback (most recent call last):
  File "/mnt/c/Users/XuQing/Documents/DCbot/cogs/forget_system.py", line 218, in clear_cleanup_role
    await member.kick(reason=CLEANUP_KICK_REASON)
  File "/mnt/c/Users/XuQing/Documents/DCbot/.venv/lib/python3.12/site-packages/discord/member.py", line 805, in kick
    await self.guild.kick(self, reason=reason)
  File "/mnt/c/Users/XuQing/Documents/DCbot/.venv/lib/python3.12/site-packages/discord/guild.py", line 3995, in kick
    await self._state.http.kick(user.id, self.id, reason=reason)
  File "/mnt/c/Users/XuQing/Documents/DCbot/.venv/lib/python3.12/site-packages/discord/http.py", line 772, in request
    raise Forbidden(response, data)
discord.errors.Forbidden: 403 Forbidden (error code: 50013): Missing Permissions
[clear:kick:591474474231136266]
Traceback (most recent call last):
  File "/mnt/c/Users/XuQing/Documents/DCbot/cogs/forget_system.py", line 218, in clear_cleanup_role
    await member.kick(reason=CLEANUP_KICK_REASON)
  File "/mnt/c/Users/XuQing/Documents/DCbot/.venv/lib/python3.12/site-packages/discord/member.py", line 805, in kick
    await self.guild.kick(self, reason=reason)
  File "/mnt/c/Users/XuQing/Documents/DCbot/.venv/lib/python3.12/site-packages/discord/guild.py", line 3995, in kick
    await self._state.http.kick(user.id, self.id, reason=reason)
  File "/mnt/c/Users/XuQing/Documents/DCbot/.venv/lib/python3.12/site-packages/discord/http.py", line 772, in request
    raise Forbidden(response, data)
discord.errors.Forbidden: 403 Forbidden (error code: 50013): Missing Permissions
[clear:kick:854754198834380801]
Traceback (most recent call last):
  File "/mnt/c/Users/XuQing/Documents/DCbot/cogs/forget_system.py", line 218, in clear_cleanup_role
    await member.kick(reason=CLEANUP_KICK_REASON)
  File "/mnt/c/Users/XuQing/Documents/DCbot/.venv/lib/python3.12/site-packages/discord/member.py", line 805, in kick
    await self.guild.kick(self, reason=reason)
  File "/mnt/c/Users/XuQing/Documents/DCbot/.venv/lib/python3.12/site-packages/discord/guild.py", line 3995, in kick
    await self._state.http.kick(user.id, self.id, reason=reason)
  File "/mnt/c/Users/XuQing/Documents/DCbot/.venv/lib/python3.12/site-packages/discord/http.py", line 772, in request
    raise Forbidden(response, data)
discord.errors.Forbidden: 403 Forbidden (error code: 50013): Missing Permissions
[clear:kick:611192108933447690]
Traceback (most recent call last):
  File "/mnt/c/Users/XuQing/Documents/DCbot/cogs/forget_system.py", line 218, in clear_cleanup_role
    await member.kick(reason=CLEANUP_KICK_REASON)
  File "/mnt/c/Users/XuQing/Documents/DCbot/.venv/lib/python3.12/site-packages/discord/member.py", line 805, in kick
    await self.guild.kick(self, reason=reason)
  File "/mnt/c/Users/XuQing/Documents/DCbot/.venv/lib/python3.12/site-packages/discord/guild.py", line 3995, in kick
    await self._state.http.kick(user.id, self.id, reason=reason)
  File "/mnt/c/Users/XuQing/Documents/DCbot/.venv/lib/python3.12/site-packages/discord/http.py", line 772, in request
    raise Forbidden(response, data)
discord.errors.Forbidden: 403 Forbidden (error code: 50013): Missing Permissions
[clear:kick:1028560613380726905]
Traceback (most recent call last):
  File "/mnt/c/Users/XuQing/Documents/DCbot/cogs/forget_system.py", line 218, in clear_cleanup_role
    await member.kick(reason=CLEANUP_KICK_REASON)
  File "/mnt/c/Users/XuQing/Documents/DCbot/.venv/lib/python3.12/site-packages/discord/member.py", line 805, in kick
    await self.guild.kick(self, reason=reason)
  File "/mnt/c/Users/XuQing/Documents/DCbot/.venv/lib/python3.12/site-packages/discord/guild.py", line 3995, in kick
    await self._state.http.kick(user.id, self.id, reason=reason)
  File "/mnt/c/Users/XuQing/Documents/DCbot/.venv/lib/python3.12/site-packages/discord/http.py", line 772, in request
    raise Forbidden(response, data)
discord.errors.Forbidden: 403 Forbidden (error code: 50013): Missing Permissions
[clear:kick:857995006962171945]
Traceback (most recent call last):
  File "/mnt/c/Users/XuQing/Documents/DCbot/cogs/forget_system.py", line 218, in clear_cleanup_role
    await member.kick(reason=CLEANUP_KICK_REASON)
  File "/mnt/c/Users/XuQing/Documents/DCbot/.venv/lib/python3.12/site-packages/discord/member.py", line 805, in kick
    await self.guild.kick(self, reason=reason)
  File "/mnt/c/Users/XuQing/Documents/DCbot/.venv/lib/python3.12/site-packages/discord/guild.py", line 3995, in kick
    await self._state.http.kick(user.id, self.id, reason=reason)
  File "/mnt/c/Users/XuQing/Documents/DCbot/.venv/lib/python3.12/site-packages/discord/http.py", line 772, in request
    raise Forbidden(response, data)
discord.errors.Forbidden: 403 Forbidden (error code: 50013): Missing Permissions
[clear:kick:967426812219125770]
Traceback (most recent call last):
  File "/mnt/c/Users/XuQing/Documents/DCbot/cogs/forget_system.py", line 218, in clear_cleanup_role
    await member.kick(reason=CLEANUP_KICK_REASON)
  File "/mnt/c/Users/XuQing/Documents/DCbot/.venv/lib/python3.12/site-packages/discord/member.py", line 805, in kick
    await self.guild.kick(self, reason=reason)
  File "/mnt/c/Users/XuQing/Documents/DCbot/.venv/lib/python3.12/site-packages/discord/guild.py", line 3995, in kick
    await self._state.http.kick(user.id, self.id, reason=reason)
  File "/mnt/c/Users/XuQing/Documents/DCbot/.venv/lib/python3.12/site-packages/discord/http.py", line 772, in request
    raise Forbidden(response, data)
discord.errors.Forbidden: 403 Forbidden (error code: 50013): Missing Permissions
[clear:kick:586018412002803713]
Traceback (most recent call last):
  File "/mnt/c/Users/XuQing/Documents/DCbot/cogs/forget_system.py", line 218, in clear_cleanup_role
    await member.kick(reason=CLEANUP_KICK_REASON)
  File "/mnt/c/Users/XuQing/Documents/DCbot/.venv/lib/python3.12/site-packages/discord/member.py", line 805, in kick
    await self.guild.kick(self, reason=reason)
  File "/mnt/c/Users/XuQing/Documents/DCbot/.venv/lib/python3.12/site-packages/discord/guild.py", line 3995, in kick
    await self._state.http.kick(user.id, self.id, reason=reason)
  File "/mnt/c/Users/XuQing/Documents/DCbot/.venv/lib/python3.12/site-packages/discord/http.py", line 772, in request
    raise Forbidden(response, data)
discord.errors.Forbidden: 403 Forbidden (error code: 50013): Missing Permissions
[clear:kick:1152119327579983952]
Traceback (most recent call last):
  File "/mnt/c/Users/XuQing/Documents/DCbot/cogs/forget_system.py", line 218, in clear_cleanup_role
    await member.kick(reason=CLEANUP_KICK_REASON)
  File "/mnt/c/Users/XuQing/Documents/DCbot/.venv/lib/python3.12/site-packages/discord/member.py", line 805, in kick
    await self.guild.kick(self, reason=reason)
  File "/mnt/c/Users/XuQing/Documents/DCbot/.venv/lib/python3.12/site-packages/discord/guild.py", line 3995, in kick
    await self._state.http.kick(user.id, self.id, reason=reason)
  File "/mnt/c/Users/XuQing/Documents/DCbot/.venv/lib/python3.12/site-packages/discord/http.py", line 772, in request
    raise Forbidden(response, data)
discord.errors.Forbidden: 403 Forbidden (error code: 50013): Missing Permissions
[clear:kick:968859524507263007]
Traceback (most recent call last):
  File "/mnt/c/Users/XuQing/Documents/DCbot/cogs/forget_system.py", line 218, in clear_cleanup_role
    await member.kick(reason=CLEANUP_KICK_REASON)
  File "/mnt/c/Users/XuQing/Documents/DCbot/.venv/lib/python3.12/site-packages/discord/member.py", line 805, in kick
    await self.guild.kick(self, reason=reason)
  File "/mnt/c/Users/XuQing/Documents/DCbot/.venv/lib/python3.12/site-packages/discord/guild.py", line 3995, in kick
    await self._state.http.kick(user.id, self.id, reason=reason)
  File "/mnt/c/Users/XuQing/Documents/DCbot/.venv/lib/python3.12/site-packages/discord/http.py", line 772, in request
    raise Forbidden(response, data)
discord.errors.Forbidden: 403 Forbidden (error code: 50013): Missing Permissions
[clear:kick:801768318087331842]
Traceback (most recent call last):
  File "/mnt/c/Users/XuQing/Documents/DCbot/cogs/forget_system.py", line 218, in clear_cleanup_role
    await member.kick(reason=CLEANUP_KICK_REASON)
  File "/mnt/c/Users/XuQing/Documents/DCbot/.venv/lib/python3.12/site-packages/discord/member.py", line 805, in kick
    await self.guild.kick(self, reason=reason)
  File "/mnt/c/Users/XuQing/Documents/DCbot/.venv/lib/python3.12/site-packages/discord/guild.py", line 3995, in kick
    await self._state.http.kick(user.id, self.id, reason=reason)
  File "/mnt/c/Users/XuQing/Documents/DCbot/.venv/lib/python3.12/site-packages/discord/http.py", line 772, in request
    raise Forbidden(response, data)
discord.errors.Forbidden: 403 Forbidden (error code: 50013): Missing Permissions
[clear:kick:437621845483585537]
Traceback (most recent call last):
  File "/mnt/c/Users/XuQing/Documents/DCbot/cogs/forget_system.py", line 218, in clear_cleanup_role
    await member.kick(reason=CLEANUP_KICK_REASON)
  File "/mnt/c/Users/XuQing/Documents/DCbot/.venv/lib/python3.12/site-packages/discord/member.py", line 805, in kick
    await self.guild.kick(self, reason=reason)
  File "/mnt/c/Users/XuQing/Documents/DCbot/.venv/lib/python3.12/site-packages/discord/guild.py", line 3995, in kick
    await self._state.http.kick(user.id, self.id, reason=reason)
  File "/mnt/c/Users/XuQing/Documents/DCbot/.venv/lib/python3.12/site-packages/discord/http.py", line 772, in request
    raise Forbidden(response, data)
discord.errors.Forbidden: 403 Forbidden (error code: 50013): Missing Permissions
[clear:kick:586453044904984577]
Traceback (most recent call last):
  File "/mnt/c/Users/XuQing/Documents/DCbot/cogs/forget_system.py", line 218, in clear_cleanup_role
    await member.kick(reason=CLEANUP_KICK_REASON)
  File "/mnt/c/Users/XuQing/Documents/DCbot/.venv/lib/python3.12/site-packages/discord/member.py", line 805, in kick
    await self.guild.kick(self, reason=reason)
  File "/mnt/c/Users/XuQing/Documents/DCbot/.venv/lib/python3.12/site-packages/discord/guild.py", line 3995, in kick
    await self._state.http.kick(user.id, self.id, reason=reason)
  File "/mnt/c/Users/XuQing/Documents/DCbot/.venv/lib/python3.12/site-packages/discord/http.py", line 772, in request
    raise Forbidden(response, data)
discord.errors.Forbidden: 403 Forbidden (error code: 50013): Missing Permissions
[clear:kick:667241143792173070]
Traceback (most recent call last):
  File "/mnt/c/Users/XuQing/Documents/DCbot/cogs/forget_system.py", line 218, in clear_cleanup_role
    await member.kick(reason=CLEANUP_KICK_REASON)
  File "/mnt/c/Users/XuQing/Documents/DCbot/.venv/lib/python3.12/site-packages/discord/member.py", line 805, in kick
    await self.guild.kick(self, reason=reason)
  File "/mnt/c/Users/XuQing/Documents/DCbot/.venv/lib/python3.12/site-packages/discord/guild.py", line 3995, in kick
    await self._state.http.kick(user.id, self.id, reason=reason)
  File "/mnt/c/Users/XuQing/Documents/DCbot/.venv/lib/python3.12/site-packages/discord/http.py", line 772, in request
    raise Forbidden(response, data)
discord.errors.Forbidden: 403 Forbidden (error code: 50013): Missing Permissions
[clear:kick:1178287013846319167]
Traceback (most recent call last):
  File "/mnt/c/Users/XuQing/Documents/DCbot/cogs/forget_system.py", line 218, in clear_cleanup_role
    await member.kick(reason=CLEANUP_KICK_REASON)
  File "/mnt/c/Users/XuQing/Documents/DCbot/.venv/lib/python3.12/site-packages/discord/member.py", line 805, in kick
    await self.guild.kick(self, reason=reason)
  File "/mnt/c/Users/XuQing/Documents/DCbot/.venv/lib/python3.12/site-packages/discord/guild.py", line 3995, in kick
    await self._state.http.kick(user.id, self.id, reason=reason)
  File "/mnt/c/Users/XuQing/Documents/DCbot/.venv/lib/python3.12/site-packages/discord/http.py", line 772, in request
    raise Forbidden(response, data)
discord.errors.Forbidden: 403 Forbidden (error code: 50013): Missing Permissions
[clear:kick:840613855784337418]
Traceback (most recent call last):
  File "/mnt/c/Users/XuQing/Documents/DCbot/cogs/forget_system.py", line 218, in clear_cleanup_role
    await member.kick(reason=CLEANUP_KICK_REASON)
  File "/mnt/c/Users/XuQing/Documents/DCbot/.venv/lib/python3.12/site-packages/discord/member.py", line 805, in kick
    await self.guild.kick(self, reason=reason)
  File "/mnt/c/Users/XuQing/Documents/DCbot/.venv/lib/python3.12/site-packages/discord/guild.py", line 3995, in kick
    await self._state.http.kick(user.id, self.id, reason=reason)
  File "/mnt/c/Users/XuQing/Documents/DCbot/.venv/lib/python3.12/site-packages/discord/http.py", line 772, in request
    raise Forbidden(response, data)
discord.errors.Forbidden: 403 Forbidden (error code: 50013): Missing Permissions
[clear:kick:891679823678804038]
Traceback (most recent call last):
  File "/mnt/c/Users/XuQing/Documents/DCbot/cogs/forget_system.py", line 218, in clear_cleanup_role
    await member.kick(reason=CLEANUP_KICK_REASON)
  File "/mnt/c/Users/XuQing/Documents/DCbot/.venv/lib/python3.12/site-packages/discord/member.py", line 805, in kick
    await self.guild.kick(self, reason=reason)
  File "/mnt/c/Users/XuQing/Documents/DCbot/.venv/lib/python3.12/site-packages/discord/guild.py", line 3995, in kick
    await self._state.http.kick(user.id, self.id, reason=reason)
  File "/mnt/c/Users/XuQing/Documents/DCbot/.venv/lib/python3.12/site-packages/discord/http.py", line 772, in request
    raise Forbidden(response, data)
discord.errors.Forbidden: 403 Forbidden (error code: 50013): Missing Permissions
[clear:kick:1272079304934686855]
Traceback (most recent call last):
  File "/mnt/c/Users/XuQing/Documents/DCbot/cogs/forget_system.py", line 218, in clear_cleanup_role
    await member.kick(reason=CLEANUP_KICK_REASON)
  File "/mnt/c/Users/XuQing/Documents/DCbot/.venv/lib/python3.12/site-packages/discord/member.py", line 805, in kick
    await self.guild.kick(self, reason=reason)
  File "/mnt/c/Users/XuQing/Documents/DCbot/.venv/lib/python3.12/site-packages/discord/guild.py", line 3995, in kick
    await self._state.http.kick(user.id, self.id, reason=reason)
  File "/mnt/c/Users/XuQing/Documents/DCbot/.venv/lib/python3.12/site-packages/discord/http.py", line 772, in request
    raise Forbidden(response, data)
discord.errors.Forbidden: 403 Forbidden (error code: 50013): Missing Permissions
[clear:kick:1002502266621804645]
Traceback (most recent call last):
  File "/mnt/c/Users/XuQing/Documents/DCbot/cogs/forget_system.py", line 218, in clear_cleanup_role
    await member.kick(reason=CLEANUP_KICK_REASON)
  File "/mnt/c/Users/XuQing/Documents/DCbot/.venv/lib/python3.12/site-packages/discord/member.py", line 805, in kick
    await self.guild.kick(self, reason=reason)
  File "/mnt/c/Users/XuQing/Documents/DCbot/.venv/lib/python3.12/site-packages/discord/guild.py", line 3995, in kick
    await self._state.http.kick(user.id, self.id, reason=reason)
  File "/mnt/c/Users/XuQing/Documents/DCbot/.venv/lib/python3.12/site-packages/discord/http.py", line 772, in request
    raise Forbidden(response, data)
discord.errors.Forbidden: 403 Forbidden (error code: 50013): Missing Permissions
[clear:kick:399510459721711616]
Traceback (most recent call last):
  File "/mnt/c/Users/XuQing/Documents/DCbot/cogs/forget_system.py", line 218, in clear_cleanup_role
    await member.kick(reason=CLEANUP_KICK_REASON)
  File "/mnt/c/Users/XuQing/Documents/DCbot/.venv/lib/python3.12/site-packages/discord/member.py", line 805, in kick
    await self.guild.kick(self, reason=reason)
  File "/mnt/c/Users/XuQing/Documents/DCbot/.venv/lib/python3.12/site-packages/discord/guild.py", line 3995, in kick
    await self._state.http.kick(user.id, self.id, reason=reason)
  File "/mnt/c/Users/XuQing/Documents/DCbot/.venv/lib/python3.12/site-packages/discord/http.py", line 772, in request
    raise Forbidden(response, data)
discord.errors.Forbidden: 403 Forbidden (error code: 50013): Missing Permissions
[clear:kick:413392469573632000]
Traceback (most recent call last):
  File "/mnt/c/Users/XuQing/Documents/DCbot/cogs/forget_system.py", line 218, in clear_cleanup_role
    await member.kick(reason=CLEANUP_KICK_REASON)
  File "/mnt/c/Users/XuQing/Documents/DCbot/.venv/lib/python3.12/site-packages/discord/member.py", line 805, in kick
    await self.guild.kick(self, reason=reason)
  File "/mnt/c/Users/XuQing/Documents/DCbot/.venv/lib/python3.12/site-packages/discord/guild.py", line 3995, in kick
    await self._state.http.kick(user.id, self.id, reason=reason)
  File "/mnt/c/Users/XuQing/Documents/DCbot/.venv/lib/python3.12/site-packages/discord/http.py", line 772, in request
    raise Forbidden(response, data)
discord.errors.Forbidden: 403 Forbidden (error code: 50013): Missing Permissions
[clear:kick:403906640752934932]
Traceback (most recent call last):
  File "/mnt/c/Users/XuQing/Documents/DCbot/cogs/forget_system.py", line 218, in clear_cleanup_role
    await member.kick(reason=CLEANUP_KICK_REASON)
  File "/mnt/c/Users/XuQing/Documents/DCbot/.venv/lib/python3.12/site-packages/discord/member.py", line 805, in kick
    await self.guild.kick(self, reason=reason)
  File "/mnt/c/Users/XuQing/Documents/DCbot/.venv/lib/python3.12/site-packages/discord/guild.py", line 3995, in kick
    await self._state.http.kick(user.id, self.id, reason=reason)
  File "/mnt/c/Users/XuQing/Documents/DCbot/.venv/lib/python3.12/site-packages/discord/http.py", line 772, in request
    raise Forbidden(response, data)
discord.errors.Forbidden: 403 Forbidden (error code: 50013): Missing Permissions
[clear:kick:813410208985514014]
Traceback (most recent call last):
  File "/mnt/c/Users/XuQing/Documents/DCbot/cogs/forget_system.py", line 218, in clear_cleanup_role
    await member.kick(reason=CLEANUP_KICK_REASON)
  File "/mnt/c/Users/XuQing/Documents/DCbot/.venv/lib/python3.12/site-packages/discord/member.py", line 805, in kick
    await self.guild.kick(self, reason=reason)
  File "/mnt/c/Users/XuQing/Documents/DCbot/.venv/lib/python3.12/site-packages/discord/guild.py", line 3995, in kick
    await self._state.http.kick(user.id, self.id, reason=reason)
  File "/mnt/c/Users/XuQing/Documents/DCbot/.venv/lib/python3.12/site-packages/discord/http.py", line 772, in request
    raise Forbidden(response, data)
discord.errors.Forbidden: 403 Forbidden (error code: 50013): Missing Permissions
[clear:kick:907982153952927764]
Traceback (most recent call last):
  File "/mnt/c/Users/XuQing/Documents/DCbot/cogs/forget_system.py", line 218, in clear_cleanup_role
    await member.kick(reason=CLEANUP_KICK_REASON)
  File "/mnt/c/Users/XuQing/Documents/DCbot/.venv/lib/python3.12/site-packages/discord/member.py", line 805, in kick
    await self.guild.kick(self, reason=reason)
  File "/mnt/c/Users/XuQing/Documents/DCbot/.venv/lib/python3.12/site-packages/discord/guild.py", line 3995, in kick
    await self._state.http.kick(user.id, self.id, reason=reason)
  File "/mnt/c/Users/XuQing/Documents/DCbot/.venv/lib/python3.12/site-packages/discord/http.py", line 772, in request
    raise Forbidden(response, data)
discord.errors.Forbidden: 403 Forbidden (error code: 50013): Missing Permissions
[clear:kick:575595351877091329]
Traceback (most recent call last):
  File "/mnt/c/Users/XuQing/Documents/DCbot/cogs/forget_system.py", line 218, in clear_cleanup_role
    await member.kick(reason=CLEANUP_KICK_REASON)
  File "/mnt/c/Users/XuQing/Documents/DCbot/.venv/lib/python3.12/site-packages/discord/member.py", line 805, in kick
    await self.guild.kick(self, reason=reason)
  File "/mnt/c/Users/XuQing/Documents/DCbot/.venv/lib/python3.12/site-packages/discord/guild.py", line 3995, in kick
    await self._state.http.kick(user.id, self.id, reason=reason)
  File "/mnt/c/Users/XuQing/Documents/DCbot/.venv/lib/python3.12/site-packages/discord/http.py", line 772, in request
    raise Forbidden(response, data)
discord.errors.Forbidden: 403 Forbidden (error code: 50013): Missing Permissions
[clear:kick:404419770277167104]
Traceback (most recent call last):
  File "/mnt/c/Users/XuQing/Documents/DCbot/cogs/forget_system.py", line 218, in clear_cleanup_role
    await member.kick(reason=CLEANUP_KICK_REASON)
  File "/mnt/c/Users/XuQing/Documents/DCbot/.venv/lib/python3.12/site-packages/discord/member.py", line 805, in kick
    await self.guild.kick(self, reason=reason)
  File "/mnt/c/Users/XuQing/Documents/DCbot/.venv/lib/python3.12/site-packages/discord/guild.py", line 3995, in kick
    await self._state.http.kick(user.id, self.id, reason=reason)
  File "/mnt/c/Users/XuQing/Documents/DCbot/.venv/lib/python3.12/site-packages/discord/http.py", line 772, in request
    raise Forbidden(response, data)
discord.errors.Forbidden: 403 Forbidden (error code: 50013): Missing Permissions
[clear:kick:614068100718919680]
Traceback (most recent call last):
  File "/mnt/c/Users/XuQing/Documents/DCbot/cogs/forget_system.py", line 218, in clear_cleanup_role
    await member.kick(reason=CLEANUP_KICK_REASON)
  File "/mnt/c/Users/XuQing/Documents/DCbot/.venv/lib/python3.12/site-packages/discord/member.py", line 805, in kick
    await self.guild.kick(self, reason=reason)
  File "/mnt/c/Users/XuQing/Documents/DCbot/.venv/lib/python3.12/site-packages/discord/guild.py", line 3995, in kick
    await self._state.http.kick(user.id, self.id, reason=reason)
  File "/mnt/c/Users/XuQing/Documents/DCbot/.venv/lib/python3.12/site-packages/discord/http.py", line 772, in request
    raise Forbidden(response, data)
discord.errors.Forbidden: 403 Forbidden (error code: 50013): Missing Permissions
[clear:kick:1381527093971783700]
Traceback (most recent call last):
  File "/mnt/c/Users/XuQing/Documents/DCbot/cogs/forget_system.py", line 218, in clear_cleanup_role
    await member.kick(reason=CLEANUP_KICK_REASON)
  File "/mnt/c/Users/XuQing/Documents/DCbot/.venv/lib/python3.12/site-packages/discord/member.py", line 805, in kick
    await self.guild.kick(self, reason=reason)
  File "/mnt/c/Users/XuQing/Documents/DCbot/.venv/lib/python3.12/site-packages/discord/guild.py", line 3995, in kick
    await self._state.http.kick(user.id, self.id, reason=reason)
  File "/mnt/c/Users/XuQing/Documents/DCbot/.venv/lib/python3.12/site-packages/discord/http.py", line 772, in request
    raise Forbidden(response, data)
discord.errors.Forbidden: 403 Forbidden (error code: 50013): Missing Permissions
[clear:kick:579261341131341834]
Traceback (most recent call last):
  File "/mnt/c/Users/XuQing/Documents/DCbot/cogs/forget_system.py", line 218, in clear_cleanup_role
    await member.kick(reason=CLEANUP_KICK_REASON)
  File "/mnt/c/Users/XuQing/Documents/DCbot/.venv/lib/python3.12/site-packages/discord/member.py", line 805, in kick
    await self.guild.kick(self, reason=reason)
  File "/mnt/c/Users/XuQing/Documents/DCbot/.venv/lib/python3.12/site-packages/discord/guild.py", line 3995, in kick
    await self._state.http.kick(user.id, self.id, reason=reason)
  File "/mnt/c/Users/XuQing/Documents/DCbot/.venv/lib/python3.12/site-packages/discord/http.py", line 772, in request
    raise Forbidden(response, data)
discord.errors.Forbidden: 403 Forbidden (error code: 50013): Missing Permissions
[clear:kick:417589375921291274]
Traceback (most recent call last):
  File "/mnt/c/Users/XuQing/Documents/DCbot/cogs/forget_system.py", line 218, in clear_cleanup_role
    await member.kick(reason=CLEANUP_KICK_REASON)
  File "/mnt/c/Users/XuQing/Documents/DCbot/.venv/lib/python3.12/site-packages/discord/member.py", line 805, in kick
    await self.guild.kick(self, reason=reason)
  File "/mnt/c/Users/XuQing/Documents/DCbot/.venv/lib/python3.12/site-packages/discord/guild.py", line 3995, in kick
    await self._state.http.kick(user.id, self.id, reason=reason)
  File "/mnt/c/Users/XuQing/Documents/DCbot/.venv/lib/python3.12/site-packages/discord/http.py", line 772, in request
    raise Forbidden(response, data)
discord.errors.Forbidden: 403 Forbidden (error code: 50013): Missing Permissions
[clear:kick:800319132620947477]
Traceback (most recent call last):
  File "/mnt/c/Users/XuQing/Documents/DCbot/cogs/forget_system.py", line 218, in clear_cleanup_role
    await member.kick(reason=CLEANUP_KICK_REASON)
  File "/mnt/c/Users/XuQing/Documents/DCbot/.venv/lib/python3.12/site-packages/discord/member.py", line 805, in kick
    await self.guild.kick(self, reason=reason)
  File "/mnt/c/Users/XuQing/Documents/DCbot/.venv/lib/python3.12/site-packages/discord/guild.py", line 3995, in kick
    await self._state.http.kick(user.id, self.id, reason=reason)
  File "/mnt/c/Users/XuQing/Documents/DCbot/.venv/lib/python3.12/site-packages/discord/http.py", line 772, in request
    raise Forbidden(response, data)
discord.errors.Forbidden: 403 Forbidden (error code: 50013): Missing Permissions
[clear:kick:240833596389064704]
Traceback (most recent call last):
  File "/mnt/c/Users/XuQing/Documents/DCbot/cogs/forget_system.py", line 218, in clear_cleanup_role
    await member.kick(reason=CLEANUP_KICK_REASON)
  File "/mnt/c/Users/XuQing/Documents/DCbot/.venv/lib/python3.12/site-packages/discord/member.py", line 805, in kick
    await self.guild.kick(self, reason=reason)
  File "/mnt/c/Users/XuQing/Documents/DCbot/.venv/lib/python3.12/site-packages/discord/guild.py", line 3995, in kick
    await self._state.http.kick(user.id, self.id, reason=reason)
  File "/mnt/c/Users/XuQing/Documents/DCbot/.venv/lib/python3.12/site-packages/discord/http.py", line 772, in request
    raise Forbidden(response, data)
discord.errors.Forbidden: 403 Forbidden (error code: 50013): Missing Permissions
[clear:kick:920357187761635359]
Traceback (most recent call last):
  File "/mnt/c/Users/XuQing/Documents/DCbot/cogs/forget_system.py", line 218, in clear_cleanup_role
    await member.kick(reason=CLEANUP_KICK_REASON)
  File "/mnt/c/Users/XuQing/Documents/DCbot/.venv/lib/python3.12/site-packages/discord/member.py", line 805, in kick
    await self.guild.kick(self, reason=reason)
  File "/mnt/c/Users/XuQing/Documents/DCbot/.venv/lib/python3.12/site-packages/discord/guild.py", line 3995, in kick
    await self._state.http.kick(user.id, self.id, reason=reason)
  File "/mnt/c/Users/XuQing/Documents/DCbot/.venv/lib/python3.12/site-packages/discord/http.py", line 772, in request
    raise Forbidden(response, data)
discord.errors.Forbidden: 403 Forbidden (error code: 50013): Missing Permissions
[clear:kick:815192526695956550]
Traceback (most recent call last):
  File "/mnt/c/Users/XuQing/Documents/DCbot/cogs/forget_system.py", line 218, in clear_cleanup_role
    await member.kick(reason=CLEANUP_KICK_REASON)
  File "/mnt/c/Users/XuQing/Documents/DCbot/.venv/lib/python3.12/site-packages/discord/member.py", line 805, in kick
    await self.guild.kick(self, reason=reason)
  File "/mnt/c/Users/XuQing/Documents/DCbot/.venv/lib/python3.12/site-packages/discord/guild.py", line 3995, in kick
    await self._state.http.kick(user.id, self.id, reason=reason)
  File "/mnt/c/Users/XuQing/Documents/DCbot/.venv/lib/python3.12/site-packages/discord/http.py", line 772, in request
    raise Forbidden(response, data)
discord.errors.Forbidden: 403 Forbidden (error code: 50013): Missing Permissions
[clear:kick:1022068288735420467]
Traceback (most recent call last):
  File "/mnt/c/Users/XuQing/Documents/DCbot/cogs/forget_system.py", line 218, in clear_cleanup_role
    await member.kick(reason=CLEANUP_KICK_REASON)
  File "/mnt/c/Users/XuQing/Documents/DCbot/.venv/lib/python3.12/site-packages/discord/member.py", line 805, in kick
    await self.guild.kick(self, reason=reason)
  File "/mnt/c/Users/XuQing/Documents/DCbot/.venv/lib/python3.12/site-packages/discord/guild.py", line 3995, in kick
    await self._state.http.kick(user.id, self.id, reason=reason)
  File "/mnt/c/Users/XuQing/Documents/DCbot/.venv/lib/python3.12/site-packages/discord/http.py", line 772, in request
    raise Forbidden(response, data)
discord.errors.Forbidden: 403 Forbidden (error code: 50013): Missing Permissions
[clear:kick:1231924707402448896]
Traceback (most recent call last):
  File "/mnt/c/Users/XuQing/Documents/DCbot/cogs/forget_system.py", line 218, in clear_cleanup_role
    await member.kick(reason=CLEANUP_KICK_REASON)
  File "/mnt/c/Users/XuQing/Documents/DCbot/.venv/lib/python3.12/site-packages/discord/member.py", line 805, in kick
    await self.guild.kick(self, reason=reason)
  File "/mnt/c/Users/XuQing/Documents/DCbot/.venv/lib/python3.12/site-packages/discord/guild.py", line 3995, in kick
    await self._state.http.kick(user.id, self.id, reason=reason)
  File "/mnt/c/Users/XuQing/Documents/DCbot/.venv/lib/python3.12/site-packages/discord/http.py", line 772, in request
    raise Forbidden(response, data)
discord.errors.Forbidden: 403 Forbidden (error code: 50013): Missing Permissions
[clear:kick:232457918484578304]
Traceback (most recent call last):
  File "/mnt/c/Users/XuQing/Documents/DCbot/cogs/forget_system.py", line 218, in clear_cleanup_role
    await member.kick(reason=CLEANUP_KICK_REASON)
  File "/mnt/c/Users/XuQing/Documents/DCbot/.venv/lib/python3.12/site-packages/discord/member.py", line 805, in kick
    await self.guild.kick(self, reason=reason)
  File "/mnt/c/Users/XuQing/Documents/DCbot/.venv/lib/python3.12/site-packages/discord/guild.py", line 3995, in kick
    await self._state.http.kick(user.id, self.id, reason=reason)
  File "/mnt/c/Users/XuQing/Documents/DCbot/.venv/lib/python3.12/site-packages/discord/http.py", line 772, in request
    raise Forbidden(response, data)
discord.errors.Forbidden: 403 Forbidden (error code: 50013): Missing Permissions
[clear:kick:895701491720028160]
Traceback (most recent call last):
  File "/mnt/c/Users/XuQing/Documents/DCbot/cogs/forget_system.py", line 218, in clear_cleanup_role
    await member.kick(reason=CLEANUP_KICK_REASON)
  File "/mnt/c/Users/XuQing/Documents/DCbot/.venv/lib/python3.12/site-packages/discord/member.py", line 805, in kick
    await self.guild.kick(self, reason=reason)
  File "/mnt/c/Users/XuQing/Documents/DCbot/.venv/lib/python3.12/site-packages/discord/guild.py", line 3995, in kick
    await self._state.http.kick(user.id, self.id, reason=reason)
  File "/mnt/c/Users/XuQing/Documents/DCbot/.venv/lib/python3.12/site-packages/discord/http.py", line 772, in request
    raise Forbidden(response, data)
discord.errors.Forbidden: 403 Forbidden (error code: 50013): Missing Permissions
[clear:kick:1149705659433103420]
Traceback (most recent call last):
  File "/mnt/c/Users/XuQing/Documents/DCbot/cogs/forget_system.py", line 218, in clear_cleanup_role
    await member.kick(reason=CLEANUP_KICK_REASON)
  File "/mnt/c/Users/XuQing/Documents/DCbot/.venv/lib/python3.12/site-packages/discord/member.py", line 805, in kick
    await self.guild.kick(self, reason=reason)
  File "/mnt/c/Users/XuQing/Documents/DCbot/.venv/lib/python3.12/site-packages/discord/guild.py", line 3995, in kick
    await self._state.http.kick(user.id, self.id, reason=reason)
  File "/mnt/c/Users/XuQing/Documents/DCbot/.venv/lib/python3.12/site-packages/discord/http.py", line 772, in request
    raise Forbidden(response, data)
discord.errors.Forbidden: 403 Forbidden (error code: 50013): Missing Permissions
[extension] loaded=flash_command
[extension] loaded=forget_music
[extension] loaded=forget_system
[extension] loaded=PRTS_command
[extension] loaded=user_setting
[extension] skipped=swiss reason=No module named 'aiosqlite'
[extension] skipped=swiss_extras reason=No module named 'aiosqlite'
[startup] bot_user=普瑞賽斯#6893
[startup] loaded_extensions=cogs.PRTS_command, cogs.flash_command, cogs.forget_music, cogs.forget_runtime, cogs.forget_system, cogs.user_setting
[extension] loaded=flash_command
[extension] loaded=forget_music
[extension] loaded=forget_system
[extension] loaded=PRTS_command
[extension] loaded=user_setting
[extension] skipped=swiss reason=No module named 'aiosqlite'
[extension] skipped=swiss_extras reason=No module named 'aiosqlite'
[startup] bot_user=普瑞賽斯#6893
[startup] loaded_extensions=cogs.PRTS_command, cogs.flash_command, cogs.forget_music, cogs.forget_runtime, cogs.forget_system, cogs.user_setting
[extension] loaded=flash_command
[extension] loaded=forget_music
[extension] loaded=forget_system
[extension] loaded=PRTS_command
[extension] loaded=user_setting
[extension] skipped=swiss reason=No module named 'aiosqlite'
[extension] skipped=swiss_extras reason=No module named 'aiosqlite'
[startup] bot_user=普瑞賽斯#6893
[startup] loaded_extensions=cogs.PRTS_command, cogs.flash_command, cogs.forget_music, cogs.forget_runtime, cogs.forget_system, cogs.user_setting
[extension] loaded=flash_command
[extension] loaded=forget_music
[extension] loaded=forget_system
[extension] loaded=PRTS_command
[extension] loaded=user_setting
[extension] skipped=swiss reason=No module named 'aiosqlite'
[extension] skipped=swiss_extras reason=No module named 'aiosqlite'
[extension] loaded=flash_command
[extension] loaded=forget_music
[extension] loaded=forget_system
[extension] loaded=PRTS_command
[extension] loaded=user_setting
[extension] skipped=swiss reason=No module named 'aiosqlite'
[extension] skipped=swiss_extras reason=No module named 'aiosqlite'
[extension] loaded=flash_command
[extension] loaded=forget_music
[extension] loaded=forget_system
[extension] loaded=PRTS_command
[extension] loaded=user_setting
[extension] skipped=swiss reason=No module named 'aiosqlite'
[extension] skipped=swiss_extras reason=No module named 'aiosqlite'
[extension] loaded=flash_command
[extension] loaded=forget_music
[extension] loaded=forget_system
[extension] loaded=PRTS_command
[extension] loaded=user_setting
[extension] skipped=swiss reason=No module named 'aiosqlite'
[extension] skipped=swiss_extras reason=No module named 'aiosqlite'
[extension] loaded=flash_command
[extension] loaded=forget_music
[extension] loaded=forget_system
[extension] loaded=PRTS_command
[extension] loaded=user_setting
[extension] skipped=swiss reason=No module named 'aiosqlite'
[extension] skipped=swiss_extras reason=No module named 'aiosqlite'
[extension] loaded=flash_command
[extension] loaded=forget_music
[extension] loaded=forget_system
[extension] loaded=PRTS_command
[extension] loaded=user_setting
[extension] skipped=swiss reason=No module named 'aiosqlite'
[extension] skipped=swiss_extras reason=No module named 'aiosqlite'
[extension] loaded=flash_command
[extension] loaded=forget_music
[extension] loaded=forget_system
[extension] loaded=PRTS_command
[extension] loaded=user_setting
[extension] skipped=swiss reason=No module named 'aiosqlite'
[extension] skipped=swiss_extras reason=No module named 'aiosqlite'
[extension] loaded=flash_command
[extension] loaded=forget_music
[extension] loaded=forget_system
[extension] loaded=PRTS_command
[extension] loaded=user_setting
[extension] skipped=swiss reason=No module named 'aiosqlite'
[extension] skipped=swiss_extras reason=No module named 'aiosqlite'
